// Jest Snapshot v1, https://goo.gl/fbAQLP

exports[`SearchInputBox should render the search input box with label and input box 1`] = `
<div>
  <div
    class="sc-bdfBwQ hSckpy"
  >
    <form
      class="sc-gsTCUz fOtSmi"
    >
      <div>
        <label
          class="sc-dlfnbm koWLPh"
          data-testid="search-box-label"
          for="search-box"
        >
          Search for videos via keywords:
        </label>
        <br />
        <div
          class="sc-jSgupP iaInnZ"
        >
          <input
            class="sc-hKgILt kFahnm"
            data-testid="search-box-input"
            name="search-box"
            placeholder="Ex: dogs,cars etc.."
            type="text"
            value=""
          />
          <button
            class="sc-eCssSg dBXRyi"
          >
            Search
          </button>
        </div>
      </div>
    </form>
  </div>
</div>
`;
