// Jest Snapshot v1, https://goo.gl/fbAQLP

exports[`videoList should render the videolist 1`] = `
<div>
  <div
    class="sc-jSgupP cQxPOd"
    data-testid="video-list"
  >
    <div
      class="infinite-scroll-component__outerdiv"
    >
      <div
        class="infinite-scroll-component "
        style="height: auto; overflow: auto;"
      >
        <div
          class="sc-bdfBwQ jwCXbJ"
          data-testid="video-item"
        >
          <img
            alt="description about the cat_1"
            class="sc-gsTCUz dLvDma"
            data-testid="thumbnail"
            src="https://i.ytimg.com/vi/AETFvQonfV8/default.jpg"
          />
          <div
            class="sc-dlfnbm jxTFsF"
          >
            <h2
              class="sc-hKgILt ksesVL"
              data-testid="title"
            >
              cat_1 video title
            </h2>
            <h4
              class="sc-eCssSg gqHjlA"
              data-testid="description"
            >
              description about the cat_1
            </h4>
          </div>
        </div>
        <div
          class="sc-bdfBwQ jwCXbJ"
          data-testid="video-item"
        >
          <img
            alt="description about the cat_2"
            class="sc-gsTCUz dLvDma"
            data-testid="thumbnail"
            src="https://i.ytimg.com/vi/AETFvQoabc/default.jpg"
          />
          <div
            class="sc-dlfnbm jxTFsF"
          >
            <h2
              class="sc-hKgILt ksesVL"
              data-testid="title"
            >
              cat_2 video title
            </h2>
            <h4
              class="sc-eCssSg gqHjlA"
              data-testid="description"
            >
              description about the cat_2
            </h4>
          </div>
        </div>
      </div>
    </div>
  </div>
</div>
`;
